9
37
0
9
5
11
5
13
9
5
5
5
11
5
11
37
5
37
37
14
14
1
5
2
0
37
11
0
5
37
5
37
5
13
37
5
9
37
9
9
0
37
9
9
5
37
37
2
9
9
0
5
14
0
37
5
14
5
5
37
9
37
5
9
14
14
5
0
9
11
5
11
9
0
5
0
11
11
11
5
2
11
37
11
2
5
9
11
11
5
5
37
37
5
11
5
11
9
0
1
5
5
11
9
9
11
5
37
5
1
5
37
2
5
37
0
0
9
2
9
9
5
11
1
5
9
9
9
37
9
9
11
2
37
13
5
9
11
5
5
